
Files:
  reset.o:  TEXT e000(cd), RODATA e705(4f) hex
  tables.o:  RODATA e754(f2) hex
  vectors.o:  VECTORS ffd4(2c) hex
  exceptions.o:  TEXT e0cd(83) hex
  sid.o:  TEXT e150(6e) hex
  screeneditor.o:  TEXT e1be(26f), BSS 300(80) hex
  vicv.o:  TEXT e42d(9b) hex
  monitor.o:  TEXT e4c8(23d), RODATA e846(39), BSS 380(16) hex


Section mapping (numbers in hex):
------------------------------
  0000e000 TEXT  (size 87f, allocated 87e)
           0000e000 - 0000e0cd reset.o(TEXT)
           0000e0cd - 0000e150 exceptions.o(TEXT)
           0000e150 - 0000e1be sid.o(TEXT)
           0000e1be - 0000e42d screeneditor.o(TEXT)
           0000e42d - 0000e4c8 vicv.o(TEXT)
           0000e4c8 - 0000e705 monitor.o(TEXT)
           0000e705 - 0000e754 reset.o(RODATA)
           0000e754 - 0000e846 tables.o(RODATA)
           0000e846 - 0000e87f monitor.o(RODATA)
------------------------------
  0000e87f BSS  (size 96, allocated 80)
           00000300 - 00000380 screeneditor.o(BSS)
           00000380 - 00000396 monitor.o(BSS)
------------------------------
  0000ffd4 VECTORS  (size 2c)
           0000ffd4 - 00010000 vectors.o(VECTORS)


Symbols of TEXT:
  0x0000 N_C0_: local abs, size 0
  0x0000 N_C0_: local abs, size 0
  0x0000 N_C0_: local abs, size 0
  0x0000 N_C0_: local abs, size 0
  0x0001 BLIT_CMD_SWAP_BUFFERS: local abs, size 0
  0x0001 BLIT_CMD_SWAP_BUFFERS: local abs, size 0
  0x0001 CIA_GENERATE_EVENTS: local abs, size 0
  0x0001 CIA_GENERATE_EVENTS: local abs, size 0
  0x0001 CIA_GENERATE_EVENTS: local abs, size 0
  0x0001 CIA_GENERATE_EVENTS: local abs, size 0
  0x0001 BLIT_CMD_SWAP_BUFFERS: local abs, size 0
  0x0001 BLIT_CMD_SWAP_BUFFERS: local abs, size 0
  0x0002 BLIT_CMD_CLEAR_FRAMEBUFFER: local abs, size 0
  0x0002 N_C0S: local abs, size 0
  0x0002 N_C0S: local abs, size 0
  0x0002 BLIT_CMD_CLEAR_FRAMEBUFFER: local abs, size 0
  0x0002 BLIT_CMD_CLEAR_FRAMEBUFFER: local abs, size 0
  0x0002 N_C0S: local abs, size 0
  0x0002 N_C0S: local abs, size 0
  0x0002 BLIT_CMD_CLEAR_FRAMEBUFFER: local abs, size 0
  0x0004 BLIT_CMD_DRAW_BORDER: local abs, size 0
  0x0004 N_D0_: local abs, size 0
  0x0004 N_D0_: local abs, size 0
  0x0004 BLIT_CMD_DRAW_BORDER: local abs, size 0
  0x0004 N_D0_: local abs, size 0
  0x0004 BLIT_CMD_DRAW_BORDER: local abs, size 0
  0x0004 BLIT_CMD_DRAW_BORDER: local abs, size 0
  0x0004 N_D0_: local abs, size 0
  0x0006 N_D0S: local abs, size 0
  0x0006 N_D0S: local abs, size 0
  0x0006 N_D0S: local abs, size 0
  0x0006 N_D0S: local abs, size 0
  0x0008 N_E0_: local abs, size 0
  0x0008 N_E0_: local abs, size 0
  0x0008 N_E0_: local abs, size 0
  0x0008 BLIT_CMD_DRAW_BLIT: local abs, size 0
  0x0008 ASCII_BACKSPACE: local abs, size 0
  0x0008 N_E0_: local abs, size 0
  0x0008 ASCII_BACKSPACE: local abs, size 0
  0x0008 BLIT_CMD_DRAW_BLIT: local abs, size 0
  0x0008 ASCII_BACKSPACE: local abs, size 0
  0x0008 BLIT_CMD_DRAW_BLIT: local abs, size 0
  0x0008 BLIT_CMD_DRAW_BLIT: local abs, size 0
  0x0008 ASCII_BACKSPACE: local abs, size 0
  0x000a ASCII_LF: local abs, size 0
  0x000a ASCII_LF: local abs, size 0
  0x000a ASCII_LF: local abs, size 0
  0x000a N_F0_: local abs, size 0
  0x000a ASCII_LF: local abs, size 0
  0x000a N_F0_: local abs, size 0
  0x000a N_F0_: local abs, size 0
  0x000a N_F0_: local abs, size 0
  0x000c N_F0S: local abs, size 0
  0x000c N_F0S: local abs, size 0
  0x000c N_F0S: local abs, size 0
  0x000c N_F0S: local abs, size 0
  0x000d ASCII_CR: local abs, size 0
  0x000d ASCII_CR: local abs, size 0
  0x000d ASCII_CR: local abs, size 0
  0x000d ASCII_CR: local abs, size 0
  0x000e N_G0_: local abs, size 0
  0x000e N_G0_: local abs, size 0
  0x000e N_G0_: local abs, size 0
  0x000e N_G0_: local abs, size 0
  0x0010 N_G0S: local abs, size 0
  0x0010 N_G0S: local abs, size 0
  0x0010 N_G0S: local abs, size 0
  0x0010 N_G0S: local abs, size 0
  0x0011 ASCII_CURSOR_DOWN: local abs, size 0
  0x0011 ASCII_CURSOR_DOWN: local abs, size 0
  0x0011 ASCII_CURSOR_DOWN: local abs, size 0
  0x0011 ASCII_CURSOR_DOWN: local abs, size 0
  0x0012 N_A0_: local abs, size 0
  0x0012 N_A0_: local abs, size 0
  0x0012 N_A0_: local abs, size 0
  0x0012 N_A0_: local abs, size 0
  0x0014 N_A0S: local abs, size 0
  0x0014 N_A0S: local abs, size 0
  0x0014 N_A0S: local abs, size 0
  0x0014 N_A0S: local abs, size 0
  0x0016 N_B0_: local abs, size 0
  0x0016 N_B0_: local abs, size 0
  0x0016 N_B0_: local abs, size 0
  0x0016 N_B0_: local abs, size 0
  0x0018 N_C1_: local abs, size 0
  0x0018 N_C1_: local abs, size 0
  0x0018 N_C1_: local abs, size 0
  0x0018 N_C1_: local abs, size 0
  0x001a N_C1S: local abs, size 0
  0x001a N_C1S: local abs, size 0
  0x001a N_C1S: local abs, size 0
  0x001a N_C1S: local abs, size 0
  0x001c N_D1_: local abs, size 0
  0x001c N_D1_: local abs, size 0
  0x001c N_D1_: local abs, size 0
  0x001c N_D1_: local abs, size 0
  0x001d ASCII_CURSOR_RIGHT: local abs, size 0
  0x001d ASCII_CURSOR_RIGHT: local abs, size 0
  0x001d ASCII_CURSOR_RIGHT: local abs, size 0
  0x001d ASCII_CURSOR_RIGHT: local abs, size 0
  0x001e N_D1S: local abs, size 0
  0x001e N_D1S: local abs, size 0
  0x001e N_D1S: local abs, size 0
  0x001e N_D1S: local abs, size 0
  0x0020 N_E1_: local abs, size 0
  0x0020 N_E1_: local abs, size 0
  0x0020 N_E1_: local abs, size 0
  0x0020 N_E1_: local abs, size 0
  0x0022 N_F1_: local abs, size 0
  0x0022 N_F1_: local abs, size 0
  0x0022 N_F1_: local abs, size 0
  0x0022 N_F1_: local abs, size 0
  0x0024 N_F1S: local abs, size 0
  0x0024 N_F1S: local abs, size 0
  0x0024 N_F1S: local abs, size 0
  0x0024 N_F1S: local abs, size 0
  0x0026 N_G1_: local abs, size 0
  0x0026 N_G1_: local abs, size 0
  0x0026 N_G1_: local abs, size 0
  0x0026 N_G1_: local abs, size 0
  0x0028 N_G1S: local abs, size 0
  0x0028 N_G1S: local abs, size 0
  0x0028 N_G1S: local abs, size 0
  0x0028 N_G1S: local abs, size 0
  0x002a N_A1_: local abs, size 0
  0x002a N_A1_: local abs, size 0
  0x002a N_A1_: local abs, size 0
  0x002a N_A1_: local abs, size 0
  0x002c N_A1S: local abs, size 0
  0x002c N_A1S: local abs, size 0
  0x002c N_A1S: local abs, size 0
  0x002c N_A1S: local abs, size 0
  0x002e N_B1_: local abs, size 0
  0x002e N_B1_: local abs, size 0
  0x002e N_B1_: local abs, size 0
  0x002e N_B1_: local abs, size 0
  0x0030 N_C2_: local abs, size 0
  0x0030 N_C2_: local abs, size 0
  0x0030 N_C2_: local abs, size 0
  0x0030 N_C2_: local abs, size 0
  0x0032 N_C2S: local abs, size 0
  0x0032 N_C2S: local abs, size 0
  0x0032 N_C2S: local abs, size 0
  0x0032 N_C2S: local abs, size 0
  0x0034 N_D2_: local abs, size 0
  0x0034 N_D2_: local abs, size 0
  0x0034 N_D2_: local abs, size 0
  0x0034 N_D2_: local abs, size 0
  0x0036 N_D2S: local abs, size 0
  0x0036 N_D2S: local abs, size 0
  0x0036 N_D2S: local abs, size 0
  0x0036 N_D2S: local abs, size 0
  0x0038 N_E2_: local abs, size 0
  0x0038 N_E2_: local abs, size 0
  0x0038 N_E2_: local abs, size 0
  0x0038 N_E2_: local abs, size 0
  0x003a N_F2_: local abs, size 0
  0x003a N_F2_: local abs, size 0
  0x003a N_F2_: local abs, size 0
  0x003a N_F2_: local abs, size 0
  0x003c N_F2S: local abs, size 0
  0x003c N_F2S: local abs, size 0
  0x003c N_F2S: local abs, size 0
  0x003c N_F2S: local abs, size 0
  0x003e N_G2_: local abs, size 0
  0x003e N_G2_: local abs, size 0
  0x003e N_G2_: local abs, size 0
  0x003e N_G2_: local abs, size 0
  0x0040 N_G2S: local abs, size 0
  0x0040 N_G2S: local abs, size 0
  0x0040 N_G2S: local abs, size 0
  0x0040 N_G2S: local abs, size 0
  0x0042 N_A2_: local abs, size 0
  0x0042 N_A2_: local abs, size 0
  0x0042 N_A2_: local abs, size 0
  0x0042 N_A2_: local abs, size 0
  0x0044 N_A2S: local abs, size 0
  0x0044 N_A2S: local abs, size 0
  0x0044 N_A2S: local abs, size 0
  0x0044 N_A2S: local abs, size 0
  0x0046 N_B2_: local abs, size 0
  0x0046 N_B2_: local abs, size 0
  0x0046 N_B2_: local abs, size 0
  0x0046 N_B2_: local abs, size 0
  0x0048 N_C3_: local abs, size 0
  0x0048 N_C3_: local abs, size 0
  0x0048 N_C3_: local abs, size 0
  0x0048 N_C3_: local abs, size 0
  0x004a N_C3S: local abs, size 0
  0x004a N_C3S: local abs, size 0
  0x004a N_C3S: local abs, size 0
  0x004a N_C3S: local abs, size 0
  0x004c N_D3_: local abs, size 0
  0x004c N_D3_: local abs, size 0
  0x004c N_D3_: local abs, size 0
  0x004c N_D3_: local abs, size 0
  0x004e N_D3S: local abs, size 0
  0x004e N_D3S: local abs, size 0
  0x004e N_D3S: local abs, size 0
  0x004e N_D3S: local abs, size 0
  0x0050 N_E3_: local abs, size 0
  0x0050 N_E3_: local abs, size 0
  0x0050 N_E3_: local abs, size 0
  0x0050 N_E3_: local abs, size 0
  0x0052 N_F3_: local abs, size 0
  0x0052 N_F3_: local abs, size 0
  0x0052 N_F3_: local abs, size 0
  0x0052 N_F3_: local abs, size 0
  0x0054 N_F3S: local abs, size 0
  0x0054 N_F3S: local abs, size 0
  0x0054 N_F3S: local abs, size 0
  0x0054 N_F3S: local abs, size 0
  0x0056 N_G3_: local abs, size 0
  0x0056 N_G3_: local abs, size 0
  0x0056 N_G3_: local abs, size 0
  0x0056 N_G3_: local abs, size 0
  0x0058 N_G3S: local abs, size 0
  0x0058 N_G3S: local abs, size 0
  0x0058 N_G3S: local abs, size 0
  0x0058 N_G3S: local abs, size 0
  0x005a N_A3_: local abs, size 0
  0x005a N_A3_: local abs, size 0
  0x005a N_A3_: local abs, size 0
  0x005a N_A3_: local abs, size 0
  0x005c N_A3S: local abs, size 0
  0x005c N_A3S: local abs, size 0
  0x005c N_A3S: local abs, size 0
  0x005c N_A3S: local abs, size 0
  0x005e N_B3_: local abs, size 0
  0x005e N_B3_: local abs, size 0
  0x005e N_B3_: local abs, size 0
  0x005e N_B3_: local abs, size 0
  0x0060 N_C4_: local abs, size 0
  0x0060 N_C4_: local abs, size 0
  0x0060 N_C4_: local abs, size 0
  0x0060 N_C4_: local abs, size 0
  0x0062 N_C4S: local abs, size 0
  0x0062 N_C4S: local abs, size 0
  0x0062 N_C4S: local abs, size 0
  0x0062 N_C4S: local abs, size 0
  0x0064 N_D4_: local abs, size 0
  0x0064 N_D4_: local abs, size 0
  0x0064 N_D4_: local abs, size 0
  0x0064 N_D4_: local abs, size 0
  0x0066 N_D4S: local abs, size 0
  0x0066 N_D4S: local abs, size 0
  0x0066 N_D4S: local abs, size 0
  0x0066 N_D4S: local abs, size 0
  0x0068 N_E4_: local abs, size 0
  0x0068 N_E4_: local abs, size 0
  0x0068 N_E4_: local abs, size 0
  0x0068 N_E4_: local abs, size 0
  0x006a N_F4_: local abs, size 0
  0x006a N_F4_: local abs, size 0
  0x006a N_F4_: local abs, size 0
  0x006a N_F4_: local abs, size 0
  0x006c N_F4S: local abs, size 0
  0x006c N_F4S: local abs, size 0
  0x006c N_F4S: local abs, size 0
  0x006c N_F4S: local abs, size 0
  0x006e N_G4_: local abs, size 0
  0x006e N_G4_: local abs, size 0
  0x006e N_G4_: local abs, size 0
  0x006e N_G4_: local abs, size 0
  0x0070 N_G4S: local abs, size 0
  0x0070 N_G4S: local abs, size 0
  0x0070 N_G4S: local abs, size 0
  0x0070 N_G4S: local abs, size 0
  0x0072 N_A4_: local abs, size 0
  0x0072 N_A4_: local abs, size 0
  0x0072 N_A4_: local abs, size 0
  0x0072 N_A4_: local abs, size 0
  0x0074 N_A4S: local abs, size 0
  0x0074 N_A4S: local abs, size 0
  0x0074 N_A4S: local abs, size 0
  0x0074 N_A4S: local abs, size 0
  0x0076 N_B4_: local abs, size 0
  0x0076 N_B4_: local abs, size 0
  0x0076 N_B4_: local abs, size 0
  0x0076 N_B4_: local abs, size 0
  0x0078 N_C5_: local abs, size 0
  0x0078 N_C5_: local abs, size 0
  0x0078 N_C5_: local abs, size 0
  0x0078 N_C5_: local abs, size 0
  0x007a N_C5S: local abs, size 0
  0x007a N_C5S: local abs, size 0
  0x007a N_C5S: local abs, size 0
  0x007a N_C5S: local abs, size 0
  0x007c N_D5_: local abs, size 0
  0x007c N_D5_: local abs, size 0
  0x007c N_D5_: local abs, size 0
  0x007c N_D5_: local abs, size 0
  0x007e N_D5S: local abs, size 0
  0x007e N_D5S: local abs, size 0
  0x007e N_D5S: local abs, size 0
  0x007e N_D5S: local abs, size 0
  0x0080 CIA_CMD_CLEAR_EVENT_LIST: local abs, size 0
  0x0080 N_E5_: local abs, size 0
  0x0080 CIA_CMD_CLEAR_EVENT_LIST: local abs, size 0
  0x0080 N_E5_: local abs, size 0
  0x0080 N_E5_: local abs, size 0
  0x0080 CIA_CMD_CLEAR_EVENT_LIST: local abs, size 0
  0x0080 N_E5_: local abs, size 0
  0x0080 CIA_CMD_CLEAR_EVENT_LIST: local abs, size 0
  0x0082 N_F5_: local abs, size 0
  0x0082 N_F5_: local abs, size 0
  0x0082 N_F5_: local abs, size 0
  0x0082 N_F5_: local abs, size 0
  0x0084 N_F5S: local abs, size 0
  0x0084 N_F5S: local abs, size 0
  0x0084 N_F5S: local abs, size 0
  0x0084 N_F5S: local abs, size 0
  0x0086 N_G5_: local abs, size 0
  0x0086 N_G5_: local abs, size 0
  0x0086 N_G5_: local abs, size 0
  0x0086 N_G5_: local abs, size 0
  0x0088 N_G5S: local abs, size 0
  0x0088 N_G5S: local abs, size 0
  0x0088 N_G5S: local abs, size 0
  0x0088 N_G5S: local abs, size 0
  0x008a N_A5_: local abs, size 0
  0x008a N_A5_: local abs, size 0
  0x008a N_A5_: local abs, size 0
  0x008a N_A5_: local abs, size 0
  0x008c N_A5S: local abs, size 0
  0x008c N_A5S: local abs, size 0
  0x008c N_A5S: local abs, size 0
  0x008c N_A5S: local abs, size 0
  0x008e N_B5_: local abs, size 0
  0x008e N_B5_: local abs, size 0
  0x008e N_B5_: local abs, size 0
  0x008e N_B5_: local abs, size 0
  0x0090 N_C6_: local abs, size 0
  0x0090 N_C6_: local abs, size 0
  0x0090 N_C6_: local abs, size 0
  0x0090 N_C6_: local abs, size 0
  0x0091 ASCII_CURSOR_UP: local abs, size 0
  0x0091 ASCII_CURSOR_UP: local abs, size 0
  0x0091 ASCII_CURSOR_UP: local abs, size 0
  0x0091 ASCII_CURSOR_UP: local abs, size 0
  0x0092 N_C6S: local abs, size 0
  0x0092 N_C6S: local abs, size 0
  0x0092 N_C6S: local abs, size 0
  0x0092 N_C6S: local abs, size 0
  0x0094 N_D6_: local abs, size 0
  0x0094 N_D6_: local abs, size 0
  0x0094 N_D6_: local abs, size 0
  0x0094 N_D6_: local abs, size 0
  0x0096 N_D6S: local abs, size 0
  0x0096 N_D6S: local abs, size 0
  0x0096 N_D6S: local abs, size 0
  0x0096 N_D6S: local abs, size 0
  0x0098 N_E6_: local abs, size 0
  0x0098 N_E6_: local abs, size 0
  0x0098 N_E6_: local abs, size 0
  0x0098 N_E6_: local abs, size 0
  0x009a N_F6_: local abs, size 0
  0x009a N_F6_: local abs, size 0
  0x009a N_F6_: local abs, size 0
  0x009a N_F6_: local abs, size 0
  0x009c N_F6S: local abs, size 0
  0x009c N_F6S: local abs, size 0
  0x009c N_F6S: local abs, size 0
  0x009c N_F6S: local abs, size 0
  0x009d ASCII_CURSOR_LEFT: local abs, size 0
  0x009d ASCII_CURSOR_LEFT: local abs, size 0
  0x009d ASCII_CURSOR_LEFT: local abs, size 0
  0x009d ASCII_CURSOR_LEFT: local abs, size 0
  0x009e N_G6_: local abs, size 0
  0x009e N_G6_: local abs, size 0
  0x009e N_G6_: local abs, size 0
  0x009e N_G6_: local abs, size 0
  0x00a0 N_G6S: local abs, size 0
  0x00a0 N_G6S: local abs, size 0
  0x00a0 N_G6S: local abs, size 0
  0x00a0 N_G6S: local abs, size 0
  0x00a2 N_A6_: local abs, size 0
  0x00a2 N_A6_: local abs, size 0
  0x00a2 N_A6_: local abs, size 0
  0x00a2 N_A6_: local abs, size 0
  0x00a4 N_A6S: local abs, size 0
  0x00a4 N_A6S: local abs, size 0
  0x00a4 N_A6S: local abs, size 0
  0x00a4 N_A6S: local abs, size 0
  0x00a6 N_B6_: local abs, size 0
  0x00a6 N_B6_: local abs, size 0
  0x00a6 N_B6_: local abs, size 0
  0x00a6 N_B6_: local abs, size 0
  0x00a8 N_C7_: local abs, size 0
  0x00a8 N_C7_: local abs, size 0
  0x00a8 N_C7_: local abs, size 0
  0x00a8 N_C7_: local abs, size 0
  0x00aa N_C7S: local abs, size 0
  0x00aa N_C7S: local abs, size 0
  0x00aa N_C7S: local abs, size 0
  0x00aa N_C7S: local abs, size 0
  0x00ac N_D7_: local abs, size 0
  0x00ac N_D7_: local abs, size 0
  0x00ac N_D7_: local abs, size 0
  0x00ac N_D7_: local abs, size 0
  0x00ae N_D7S: local abs, size 0
  0x00ae N_D7S: local abs, size 0
  0x00ae N_D7S: local abs, size 0
  0x00ae N_D7S: local abs, size 0
  0x00b0 N_E7_: local abs, size 0
  0x00b0 N_E7_: local abs, size 0
  0x00b0 N_E7_: local abs, size 0
  0x00b0 N_E7_: local abs, size 0
  0x00b2 N_F7_: local abs, size 0
  0x00b2 N_F7_: local abs, size 0
  0x00b2 N_F7_: local abs, size 0
  0x00b2 N_F7_: local abs, size 0
  0x00b4 N_F7S: local abs, size 0
  0x00b4 N_F7S: local abs, size 0
  0x00b4 N_F7S: local abs, size 0
  0x00b4 N_F7S: local abs, size 0
  0x00b6 N_G7_: local abs, size 0
  0x00b6 N_G7_: local abs, size 0
  0x00b6 N_G7_: local abs, size 0
  0x00b6 N_G7_: local abs, size 0
  0x00b8 N_G7S: local abs, size 0
  0x00b8 N_G7S: local abs, size 0
  0x00b8 N_G7S: local abs, size 0
  0x00b8 N_G7S: local abs, size 0
  0x00ba N_A7_: local abs, size 0
  0x00ba N_A7_: local abs, size 0
  0x00ba N_A7_: local abs, size 0
  0x00ba N_A7_: local abs, size 0
  0x00bc N_A7S: local abs, size 0
  0x00bc N_A7S: local abs, size 0
  0x00bc N_A7S: local abs, size 0
  0x00bc N_A7S: local abs, size 0
  0x00c0 BLIT_CMD_DECREASE_CURSOR_POS: local abs, size 0
  0x00c0 BLIT_CMD_DECREASE_CURSOR_POS: local abs, size 0
  0x00c0 BLIT_CMD_DECREASE_CURSOR_POS: local abs, size 0
  0x00c0 BLIT_CMD_DECREASE_CURSOR_POS: local abs, size 0
  0x00c1 BLIT_CMD_INCREASE_CURSOR_POS: local abs, size 0
  0x00c1 BLIT_CMD_INCREASE_CURSOR_POS: local abs, size 0
  0x00c1 BLIT_CMD_INCREASE_CURSOR_POS: local abs, size 0
  0x00c1 BLIT_CMD_INCREASE_CURSOR_POS: local abs, size 0
  0x00e0 BLIT_CMD_ACTIVATE_CURSOR: local abs, size 0
  0x00e0 BLIT_CMD_ACTIVATE_CURSOR: local abs, size 0
  0x00e0 BLIT_CMD_ACTIVATE_CURSOR: local abs, size 0
  0x00e0 BLIT_CMD_ACTIVATE_CURSOR: local abs, size 0
  0x00e1 BLIT_CMD_DEACTIVATE_CURSOR: local abs, size 0
  0x00e1 BLIT_CMD_DEACTIVATE_CURSOR: local abs, size 0
  0x00e1 BLIT_CMD_DEACTIVATE_CURSOR: local abs, size 0
  0x00e1 BLIT_CMD_DEACTIVATE_CURSOR: local abs, size 0
  0x00e2 BLIT_CMD_PROCESS_CURSOR_STATE: local abs, size 0
  0x00e2 BLIT_CMD_PROCESS_CURSOR_STATE: local abs, size 0
  0x00e2 BLIT_CMD_PROCESS_CURSOR_STATE: local abs, size 0
  0x00e2 BLIT_CMD_PROCESS_CURSOR_STATE: local abs, size 0
  0x0100 VECTOR_ILLOP_INDIRECT: local abs, size 0
  0x0100 VECTOR_ILLOP_INDIRECT: local abs, size 0
  0x0100 VECTOR_ILLOP_INDIRECT: local abs, size 0
  0x0100 VECTOR_ILLOP_INDIRECT: local abs, size 0
  0x0102 VECTOR_SWI3_INDIRECT: local abs, size 0
  0x0102 VECTOR_SWI3_INDIRECT: local abs, size 0
  0x0102 VECTOR_SWI3_INDIRECT: local abs, size 0
  0x0102 VECTOR_SWI3_INDIRECT: local abs, size 0
  0x0104 VECTOR_SWI2_INDIRECT: local abs, size 0
  0x0104 VECTOR_SWI2_INDIRECT: local abs, size 0
  0x0104 VECTOR_SWI2_INDIRECT: local abs, size 0
  0x0104 VECTOR_SWI2_INDIRECT: local abs, size 0
  0x0106 VECTOR_FIRQ_INDIRECT: local abs, size 0
  0x0106 VECTOR_FIRQ_INDIRECT: local abs, size 0
  0x0106 VECTOR_FIRQ_INDIRECT: local abs, size 0
  0x0106 VECTOR_FIRQ_INDIRECT: local abs, size 0
  0x0108 VECTOR_IRQ_INDIRECT: local abs, size 0
  0x0108 VECTOR_IRQ_INDIRECT: local abs, size 0
  0x0108 VECTOR_IRQ_INDIRECT: local abs, size 0
  0x0108 VECTOR_IRQ_INDIRECT: local abs, size 0
  0x010a VECTOR_SWI_INDIRECT: local abs, size 0
  0x010a VECTOR_SWI_INDIRECT: local abs, size 0
  0x010a VECTOR_SWI_INDIRECT: local abs, size 0
  0x010a VECTOR_SWI_INDIRECT: local abs, size 0
  0x010c VECTOR_NMI_INDIRECT: local abs, size 0
  0x010c VECTOR_NMI_INDIRECT: local abs, size 0
  0x010c VECTOR_NMI_INDIRECT: local abs, size 0
  0x010c VECTOR_NMI_INDIRECT: local abs, size 0
  0x010e VECTOR_VICV_INDIRECT: local abs, size 0
  0x010e VECTOR_VICV_INDIRECT: local abs, size 0
  0x010e VECTOR_VICV_INDIRECT: local abs, size 0
  0x010e VECTOR_VICV_INDIRECT: local abs, size 0
  0x0110 TIMER0_VECTOR_INDIRECT: local abs, size 0
  0x0110 TIMER0_VECTOR_INDIRECT: local abs, size 0
  0x0110 TIMER0_VECTOR_INDIRECT: local abs, size 0
  0x0110 TIMER0_VECTOR_INDIRECT: local abs, size 0
  0x0112 TIMER1_VECTOR_INDIRECT: local abs, size 0
  0x0112 TIMER1_VECTOR_INDIRECT: local abs, size 0
  0x0112 TIMER1_VECTOR_INDIRECT: local abs, size 0
  0x0112 TIMER1_VECTOR_INDIRECT: local abs, size 0
  0x0114 TIMER2_VECTOR_INDIRECT: local abs, size 0
  0x0114 TIMER2_VECTOR_INDIRECT: local abs, size 0
  0x0114 TIMER2_VECTOR_INDIRECT: local abs, size 0
  0x0114 TIMER2_VECTOR_INDIRECT: local abs, size 0
  0x0116 TIMER3_VECTOR_INDIRECT: local abs, size 0
  0x0116 TIMER3_VECTOR_INDIRECT: local abs, size 0
  0x0116 TIMER3_VECTOR_INDIRECT: local abs, size 0
  0x0116 TIMER3_VECTOR_INDIRECT: local abs, size 0
  0x0118 TIMER4_VECTOR_INDIRECT: local abs, size 0
  0x0118 TIMER4_VECTOR_INDIRECT: local abs, size 0
  0x0118 TIMER4_VECTOR_INDIRECT: local abs, size 0
  0x0118 TIMER4_VECTOR_INDIRECT: local abs, size 0
  0x011a TIMER5_VECTOR_INDIRECT: local abs, size 0
  0x011a TIMER5_VECTOR_INDIRECT: local abs, size 0
  0x011a TIMER5_VECTOR_INDIRECT: local abs, size 0
  0x011a TIMER5_VECTOR_INDIRECT: local abs, size 0
  0x011c TIMER6_VECTOR_INDIRECT: local abs, size 0
  0x011c TIMER6_VECTOR_INDIRECT: local abs, size 0
  0x011c TIMER6_VECTOR_INDIRECT: local abs, size 0
  0x011c TIMER6_VECTOR_INDIRECT: local abs, size 0
  0x011e TIMER7_VECTOR_INDIRECT: local abs, size 0
  0x011e TIMER7_VECTOR_INDIRECT: local abs, size 0
  0x011e TIMER7_VECTOR_INDIRECT: local abs, size 0
  0x011e TIMER7_VECTOR_INDIRECT: local abs, size 0
  0x0120 FILE_START_ADDRESS: local abs, size 0
  0x0120 FILE_START_ADDRESS: local abs, size 0
  0x0120 FILE_START_ADDRESS: local abs, size 0
  0x0120 FILE_START_ADDRESS: local abs, size 0
  0x0122 FILE_END_ADDRESS: local abs, size 0
  0x0122 FILE_END_ADDRESS: local abs, size 0
  0x0122 FILE_END_ADDRESS: local abs, size 0
  0x0122 FILE_END_ADDRESS: local abs, size 0
  0x0200 VICV_DISPL_LIST: local abs, size 0
  0x0200 VICV_DISPL_LIST: local abs, size 0
  0x0200 VICV_DISPL_LIST: local abs, size 0
  0x0200 VICV_DISPL_LIST: local abs, size 0
  0x0800 BLIT: local abs, size 0
  0x0800 VICV: local abs, size 0
  0x0800 VICV: local abs, size 0
  0x0800 BLIT: local abs, size 0
  0x0800 VICV_SR: local abs, size 0
  0x0800 BLIT: local abs, size 0
  0x0800 VICV: local abs, size 0
  0x0800 VICV_SR: local abs, size 0
  0x0800 BLIT: local abs, size 0
  0x0800 VICV_SR: local abs, size 0
  0x0800 VICV_SR: local abs, size 0
  0x0800 VICV: local abs, size 0
  0x0802 BLIT_CR: local abs, size 0
  0x0802 BLIT_CR: local abs, size 0
  0x0802 BLIT_CR: local abs, size 0
  0x0802 BLIT_CR: local abs, size 0
  0x0803 BLIT_NO: local abs, size 0
  0x0803 BLIT_NO: local abs, size 0
  0x0803 BLIT_NO: local abs, size 0
  0x0803 BLIT_NO: local abs, size 0
  0x0804 BLIT_XPOS: local abs, size 0
  0x0804 BLIT_XPOS: local abs, size 0
  0x0804 BLIT_XPOS: local abs, size 0
  0x0804 BLIT_XPOS: local abs, size 0
  0x0806 BLIT_YPOS: local abs, size 0
  0x0806 BLIT_YPOS: local abs, size 0
  0x0806 BLIT_YPOS: local abs, size 0
  0x0806 BLIT_YPOS: local abs, size 0
  0x0808 BLIT_NO_PEEK: local abs, size 0
  0x0808 BLIT_NO_PEEK: local abs, size 0
  0x0808 BLIT_NO_PEEK: local abs, size 0
  0x0808 BLIT_NO_PEEK: local abs, size 0
  0x0809 BLIT_HBS: local abs, size 0
  0x0809 BLIT_HBS: local abs, size 0
  0x0809 BLIT_HBS: local abs, size 0
  0x0809 BLIT_HBS: local abs, size 0
  0x080a BLIT_HBC: local abs, size 0
  0x080a BLIT_HBC: local abs, size 0
  0x080a BLIT_HBC: local abs, size 0
  0x080a BLIT_HBC: local abs, size 0
  0x080c BLIT_CLC: local abs, size 0
  0x080c BLIT_CLC: local abs, size 0
  0x080c BLIT_CLC: local abs, size 0
  0x080c BLIT_CLC: local abs, size 0
  0x080e BLIT_PAGE: local abs, size 0
  0x080e BLIT_PAGE: local abs, size 0
  0x080e BLIT_PAGE: local abs, size 0
  0x080e BLIT_PAGE: local abs, size 0
  0x0820 BLIT_FLAGS_0: local abs, size 0
  0x0820 BLIT_FLAGS_0: local abs, size 0
  0x0820 BLIT_FLAGS_0: local abs, size 0
  0x0820 BLIT_FLAGS_0: local abs, size 0
  0x0821 BLIT_FLAGS_1: local abs, size 0
  0x0821 BLIT_FLAGS_1: local abs, size 0
  0x0821 BLIT_FLAGS_1: local abs, size 0
  0x0821 BLIT_FLAGS_1: local abs, size 0
  0x0822 BLIT_SIZE_LOG2: local abs, size 0
  0x0822 BLIT_SIZE_LOG2: local abs, size 0
  0x0822 BLIT_SIZE_LOG2: local abs, size 0
  0x0822 BLIT_SIZE_LOG2: local abs, size 0
  0x0824 BLIT_FOREGROUND_COLOR: local abs, size 0
  0x0824 BLIT_FOREGROUND_COLOR: local abs, size 0
  0x0824 BLIT_FOREGROUND_COLOR: local abs, size 0
  0x0824 BLIT_FOREGROUND_COLOR: local abs, size 0
  0x0826 BLIT_BACKGROUND_COLOR: local abs, size 0
  0x0826 BLIT_BACKGROUND_COLOR: local abs, size 0
  0x0826 BLIT_BACKGROUND_COLOR: local abs, size 0
  0x0826 BLIT_BACKGROUND_COLOR: local abs, size 0
  0x0830 BLIT_NO_OF_TILES: local abs, size 0
  0x0830 BLIT_NO_OF_TILES: local abs, size 0
  0x0830 BLIT_NO_OF_TILES: local abs, size 0
  0x0830 BLIT_NO_OF_TILES: local abs, size 0
  0x0832 BLIT_CURSOR_POS: local abs, size 0
  0x0832 BLIT_CURSOR_POS: local abs, size 0
  0x0832 BLIT_CURSOR_POS: local abs, size 0
  0x0832 BLIT_CURSOR_POS: local abs, size 0
  0x0834 BLIT_BLINK_INTERVAL: local abs, size 0
  0x0834 BLIT_BLINK_INTERVAL: local abs, size 0
  0x0834 BLIT_BLINK_INTERVAL: local abs, size 0
  0x0834 BLIT_BLINK_INTERVAL: local abs, size 0
  0x0835 BLIT_PITCH: local abs, size 0
  0x0835 BLIT_PITCH: local abs, size 0
  0x0835 BLIT_PITCH: local abs, size 0
  0x0835 BLIT_PITCH: local abs, size 0
  0x0836 BLIT_TILE_CHAR: local abs, size 0
  0x0836 BLIT_TILE_CHAR: local abs, size 0
  0x0836 BLIT_TILE_CHAR: local abs, size 0
  0x0836 BLIT_TILE_CHAR: local abs, size 0
  0x0838 BLIT_TILE_FG_COLOR: local abs, size 0
  0x0838 BLIT_TILE_FG_COLOR: local abs, size 0
  0x0838 BLIT_TILE_FG_COLOR: local abs, size 0
  0x0838 BLIT_TILE_FG_COLOR: local abs, size 0
  0x083a BLIT_TILE_BG_COLOR: local abs, size 0
  0x083a BLIT_TILE_BG_COLOR: local abs, size 0
  0x083a BLIT_TILE_BG_COLOR: local abs, size 0
  0x083a BLIT_TILE_BG_COLOR: local abs, size 0
  0x0b00 TIMER: local abs, size 0
  0x0b00 TIMER_SR: local abs, size 0
  0x0b00 TIMER_SR: local abs, size 0
  0x0b00 TIMER: local abs, size 0
  0x0b00 TIMER: local abs, size 0
  0x0b00 TIMER_SR: local abs, size 0
  0x0b00 TIMER_SR: local abs, size 0
  0x0b00 TIMER: local abs, size 0
  0x0b01 TIMER_CR: local abs, size 0
  0x0b01 TIMER_CR: local abs, size 0
  0x0b01 TIMER_CR: local abs, size 0
  0x0b01 TIMER_CR: local abs, size 0
  0x0b02 TIMER_BPM: local abs, size 0
  0x0b02 TIMER_BPM: local abs, size 0
  0x0b02 TIMER_BPM: local abs, size 0
  0x0b02 TIMER_BPM: local abs, size 0
  0x0c00 SND: local abs, size 0
  0x0c00 SND: local abs, size 0
  0x0c00 SID0F: local abs, size 0
  0x0c00 SID0: local abs, size 0
  0x0c00 SID0: local abs, size 0
  0x0c00 SID0F: local abs, size 0
  0x0c00 SND: local abs, size 0
  0x0c00 SND: local abs, size 0
  0x0c00 SID0F: local abs, size 0
  0x0c00 SID0: local abs, size 0
  0x0c00 SID0F: local abs, size 0
  0x0c00 SID0: local abs, size 0
  0x0c02 SID0P: local abs, size 0
  0x0c02 SID0P: local abs, size 0
  0x0c02 SID0P: local abs, size 0
  0x0c02 SID0P: local abs, size 0
  0x0c04 ANA0: local abs, size 0
  0x0c04 SID0VC: local abs, size 0
  0x0c04 ANA0: local abs, size 0
  0x0c04 SID0VC: local abs, size 0
  0x0c04 ANA0: local abs, size 0
  0x0c04 SID0VC: local abs, size 0
  0x0c04 SID0VC: local abs, size 0
  0x0c04 ANA0: local abs, size 0
  0x0c05 SID0AD: local abs, size 0
  0x0c05 SID0AD: local abs, size 0
  0x0c05 SID0AD: local abs, size 0
  0x0c05 SID0AD: local abs, size 0
  0x0c06 SID0SR: local abs, size 0
  0x0c06 ANA0P: local abs, size 0
  0x0c06 SID0SR: local abs, size 0
  0x0c06 SID0SR: local abs, size 0
  0x0c06 SID0SR: local abs, size 0
  0x0c06 ANA0P: local abs, size 0
  0x0c06 ANA0P: local abs, size 0
  0x0c06 ANA0P: local abs, size 0
  0x0c1b SID0V: local abs, size 0
  0x0c1b SID0V: local abs, size 0
  0x0c1b SID0V: local abs, size 0
  0x0c1b SID0V: local abs, size 0
  0x0c20 SID1: local abs, size 0
  0x0c20 SID1F: local abs, size 0
  0x0c20 SID1F: local abs, size 0
  0x0c20 SID1: local abs, size 0
  0x0c20 SID1: local abs, size 0
  0x0c20 SID1F: local abs, size 0
  0x0c20 SID1F: local abs, size 0
  0x0c20 SID1: local abs, size 0
  0x0c22 SID1P: local abs, size 0
  0x0c22 SID1P: local abs, size 0
  0x0c22 SID1P: local abs, size 0
  0x0c22 SID1P: local abs, size 0
  0x0c24 SID1VC: local abs, size 0
  0x0c24 SID1VC: local abs, size 0
  0x0c24 SID1VC: local abs, size 0
  0x0c24 SID1VC: local abs, size 0
  0x0c25 SID1AD: local abs, size 0
  0x0c25 SID1AD: local abs, size 0
  0x0c25 SID1AD: local abs, size 0
  0x0c25 SID1AD: local abs, size 0
  0x0c26 SID1SR: local abs, size 0
  0x0c26 SID1SR: local abs, size 0
  0x0c26 SID1SR: local abs, size 0
  0x0c26 SID1SR: local abs, size 0
  0x0c3b SID1V: local abs, size 0
  0x0c3b SID1V: local abs, size 0
  0x0c3b SID1V: local abs, size 0
  0x0c3b SID1V: local abs, size 0
  0x0c80 SNDM: local abs, size 0
  0x0c80 SNDM0L: local abs, size 0
  0x0c80 SNDM0L: local abs, size 0
  0x0c80 SNDM: local abs, size 0
  0x0c80 SNDM0L: local abs, size 0
  0x0c80 SNDM0L: local abs, size 0
  0x0c80 SNDM: local abs, size 0
  0x0c80 SNDM: local abs, size 0
  0x0c81 SNDM0R: local abs, size 0
  0x0c81 SNDM0R: local abs, size 0
  0x0c81 SNDM0R: local abs, size 0
  0x0c81 SNDM0R: local abs, size 0
  0x0c82 SNDM1L: local abs, size 0
  0x0c82 SNDM1L: local abs, size 0
  0x0c82 SNDM1L: local abs, size 0
  0x0c82 SNDM1L: local abs, size 0
  0x0c83 SNDM1R: local abs, size 0
  0x0c83 SNDM1R: local abs, size 0
  0x0c83 SNDM1R: local abs, size 0
  0x0c83 SNDM1R: local abs, size 0
  0x0d00 CIA_SR: local abs, size 0
  0x0d00 CIA_SR: local abs, size 0
  0x0d00 CIA_SR: local abs, size 0
  0x0d00 CIA: local abs, size 0
  0x0d00 CIA: local abs, size 0
  0x0d00 CIA: local abs, size 0
  0x0d00 CIA: local abs, size 0
  0x0d00 CIA_SR: local abs, size 0
  0x0d01 CIA_CR: local abs, size 0
  0x0d01 CIA_CR: local abs, size 0
  0x0d01 CIA_CR: local abs, size 0
  0x0d01 CIA_CR: local abs, size 0
  0x0d02 CIA_KRD: local abs, size 0
  0x0d02 CIA_KRD: local abs, size 0
  0x0d02 CIA_KRD: local abs, size 0
  0x0d02 CIA_KRD: local abs, size 0
  0x0d03 CIA_KRS: local abs, size 0
  0x0d03 CIA_KRS: local abs, size 0
  0x0d03 CIA_KRS: local abs, size 0
  0x0d03 CIA_KRS: local abs, size 0
  0x0d04 CIA_AC: local abs, size 0
  0x0d04 CIA_AC: local abs, size 0
  0x0d04 CIA_AC: local abs, size 0
  0x0d04 CIA_AC: local abs, size 0
  0x0d80 CIA_KSA: local abs, size 0
  0x0d80 CIA_KSA: local abs, size 0
  0x0d80 CIA_KSA: local abs, size 0
  0x0d80 CIA_KSA: local abs, size 0
  0xe000 _TEXT_START: global reloc, size 0
  0xe000 rom_version: local reloc, size 0
  0xe016 exc_reset: global reloc, size 0
  0xe068 init_vectors: local reloc, size 0
  0xe0cd exc_firq: global reloc, size 0
  0xe0cd exc_illop: global reloc, size 0
  0xe0cd exc_swi3: global reloc, size 0
  0xe0cd exc_swi2: global reloc, size 0
  0xe0ce exc_irq: global reloc, size 0
  0xe0da exc_irq_t0: local reloc, size 0
  0xe0ec exc_irq_t1: local reloc, size 0
  0xe0f9 exc_irq_t2: local reloc, size 0
  0xe106 exc_irq_t3: local reloc, size 0
  0xe113 exc_irq_t4: local reloc, size 0
  0xe120 exc_irq_t5: local reloc, size 0
  0xe12d exc_irq_t6: local reloc, size 0
  0xe13a exc_irq_t7: local reloc, size 0
  0xe147 exc_irq_end: local reloc, size 0
  0xe148 exc_nmi: global reloc, size 0
  0xe148 exc_swi: global reloc, size 0
  0xe149 timer0_irq: global reloc, size 0
  0xe14f timer4_irq: global reloc, size 0
  0xe14f timer1_irq: global reloc, size 0
  0xe14f timer2_irq: global reloc, size 0
  0xe14f timer3_irq: global reloc, size 0
  0xe14f timer5_irq: global reloc, size 0
  0xe14f timer6_irq: global reloc, size 0
  0xe14f timer7_irq: global reloc, size 0
  0xe150 sid_reset: global reloc, size 0
  0xe179 sid_welcome_sound: global reloc, size 0
  0xe1be se_init: global reloc, size 0
  0xe1ce se_loop: global reloc, size 0
  0xe1ee copy_line_to_textbuffer: local reloc, size 0
  0xe216 clear_screen: global reloc, size 0
  0xe230 add_bottom_row: local reloc, size 0
  0xe299 add_top_row: local reloc, size 0
  0xe2fa putsymbol: global reloc, size 0
  0xe30e putchar: global reloc, size 0
  0xe310 is_lf: local reloc, size 0
  0xe32c is_cri: local reloc, size 0
  0xe344 is_cl: local reloc, size 0
  0xe35b is_cd: local reloc, size 0
  0xe376 is_cu: local reloc, size 0
  0xe391 is_bksp: local reloc, size 0
  0xe3ab is_cr: local reloc, size 0
  0xe3bd is_sym: local reloc, size 0
  0xe3cf finish: local reloc, size 0
  0xe3d2 puts: global reloc, size 0
  0xe3e0 pr_byte: global reloc, size 0
  0xe3ea pr_hex: local reloc, size 0
  0xe3f4 echo: local reloc, size 0
  0xe3f8 pr_word_in_d: global reloc, size 0
  0xe403 pr_word_in_x: global reloc, size 0
  0xe40d pr_byte_binary: global reloc, size 0
  0xe415 prb_start: local reloc, size 0
  0xe420 prb_zero: local reloc, size 0
  0xe425 prb_cont: local reloc, size 0
  0xe42d vicv_clear_kernel_displ_list: global reloc, size 0
  0xe43c vicv_init_displ_list: global reloc, size 0
  0xe450 vicv_set_bordersize_and_colors: global reloc, size 0
  0xe46b vicv_set_blit_0: global reloc, size 0
  0xe48c vicv_irq_handler: global reloc, size 0
  0xe4c8 mon_process: global reloc, size 0
  0xe4cd mon_process2: local reloc, size 0
  0xe4fb syntax_error: local reloc, size 0
  0xe517 prompt: global reloc, size 0
  0xe526 cmd_names: local reloc, size 0
  0xe52e function_table: local reloc, size 0
  0xe52e cmd_names_end: local reloc, size 0
  0xe53e cmd_mid: local reloc, size 0
  0xe56e cmd_colon: local reloc, size 0
  0xe5b3 cc_error: local reloc, size 0
  0xe5bc cmd_a: local reloc, size 0
  0xe5c0 cmd_g: local reloc, size 0
  0xe5eb cmd_c: local reloc, size 0
  0xe5f2 cmd_r: global reloc, size 0
  0xe65e display_mem: local reloc, size 0
  0xe6bf consume_one_space: local reloc, size 0
  0xe6ca get_hex_byte: local reloc, size 0
  0xe6d0 get_hex_word: local reloc, size 0
  0xe6d4 ghb0: local reloc, size 0
  0xe6da next_digit: local reloc, size 0
  0xe6e8 is_digit: local reloc, size 0
  0xe6ec hexshift: local reloc, size 0
  0xe6fc ghb_end_error: local reloc, size 0
  0xe701 ghb_end: local reloc, size 0
  0xe705 sysinfo: local reloc, size 0
  0xe754 c64_black: global reloc, size 0
  0xe754 c64_colors: global reloc, size 0
  0xe756 c64_white: global reloc, size 0
  0xe758 c64_red: global reloc, size 0
  0xe75a c64_cyan: global reloc, size 0
  0xe75c c64_purple: global reloc, size 0
  0xe75e c64_green: global reloc, size 0
  0xe760 c64_blue: global reloc, size 0
  0xe762 c64_yellow: global reloc, size 0
  0xe764 c64_orange: global reloc, size 0
  0xe766 c64_brown: global reloc, size 0
  0xe768 c64_lightred: global reloc, size 0
  0xe76a c64_darkgrey: global reloc, size 0
  0xe76c c64_grey: global reloc, size 0
  0xe76e c64_lightgreen: global reloc, size 0
  0xe770 c64_lightblue: global reloc, size 0
  0xe772 c64_lightgrey: global reloc, size 0
  0xe774 e64_blue_00: global reloc, size 0
  0xe776 e64_blue_01: global reloc, size 0
  0xe778 e64_blue_02: global reloc, size 0
  0xe77a e64_blue_03: global reloc, size 0
  0xe77c e64_blue_04: global reloc, size 0
  0xe77e e64_blue_05: global reloc, size 0
  0xe780 e64_blue_06: global reloc, size 0
  0xe782 e64_blue_07: global reloc, size 0
  0xe784 e64_blue_08: global reloc, size 0
  0xe786 e64_blue_09: global reloc, size 0
  0xe788 music_notes: global reloc, size 0
  0xe846 r_names: local reloc, size 0
  0xe873 run: local reloc, size 0
  0xe87f _TEXT_END: global reloc, size 0

Symbols of DATA:
  0xe87f _DATA_END: global reloc, size 0
  0xe87f _DATA_START: global reloc, size 0

Symbols of BSS:
  0x0000 N_C0_: local abs, size 0
  0x0000 N_C0_: local abs, size 0
  0x0001 BLIT_CMD_SWAP_BUFFERS: local abs, size 0
  0x0001 CIA_GENERATE_EVENTS: local abs, size 0
  0x0001 BLIT_CMD_SWAP_BUFFERS: local abs, size 0
  0x0001 CIA_GENERATE_EVENTS: local abs, size 0
  0x0002 BLIT_CMD_CLEAR_FRAMEBUFFER: local abs, size 0
  0x0002 BLIT_CMD_CLEAR_FRAMEBUFFER: local abs, size 0
  0x0002 N_C0S: local abs, size 0
  0x0002 N_C0S: local abs, size 0
  0x0004 BLIT_CMD_DRAW_BORDER: local abs, size 0
  0x0004 N_D0_: local abs, size 0
  0x0004 BLIT_CMD_DRAW_BORDER: local abs, size 0
  0x0004 N_D0_: local abs, size 0
  0x0006 N_D0S: local abs, size 0
  0x0006 N_D0S: local abs, size 0
  0x0008 BLIT_CMD_DRAW_BLIT: local abs, size 0
  0x0008 BLIT_CMD_DRAW_BLIT: local abs, size 0
  0x0008 ASCII_BACKSPACE: local abs, size 0
  0x0008 N_E0_: local abs, size 0
  0x0008 ASCII_BACKSPACE: local abs, size 0
  0x0008 N_E0_: local abs, size 0
  0x000a N_F0_: local abs, size 0
  0x000a ASCII_LF: local abs, size 0
  0x000a N_F0_: local abs, size 0
  0x000a ASCII_LF: local abs, size 0
  0x000c N_F0S: local abs, size 0
  0x000c N_F0S: local abs, size 0
  0x000d ASCII_CR: local abs, size 0
  0x000d ASCII_CR: local abs, size 0
  0x000e N_G0_: local abs, size 0
  0x000e N_G0_: local abs, size 0
  0x0010 N_G0S: local abs, size 0
  0x0010 N_G0S: local abs, size 0
  0x0011 ASCII_CURSOR_DOWN: local abs, size 0
  0x0011 ASCII_CURSOR_DOWN: local abs, size 0
  0x0012 N_A0_: local abs, size 0
  0x0012 N_A0_: local abs, size 0
  0x0014 N_A0S: local abs, size 0
  0x0014 N_A0S: local abs, size 0
  0x0016 N_B0_: local abs, size 0
  0x0016 N_B0_: local abs, size 0
  0x0018 N_C1_: local abs, size 0
  0x0018 N_C1_: local abs, size 0
  0x001a N_C1S: local abs, size 0
  0x001a N_C1S: local abs, size 0
  0x001c N_D1_: local abs, size 0
  0x001c N_D1_: local abs, size 0
  0x001d ASCII_CURSOR_RIGHT: local abs, size 0
  0x001d ASCII_CURSOR_RIGHT: local abs, size 0
  0x001e N_D1S: local abs, size 0
  0x001e N_D1S: local abs, size 0
  0x0020 N_E1_: local abs, size 0
  0x0020 N_E1_: local abs, size 0
  0x0022 N_F1_: local abs, size 0
  0x0022 N_F1_: local abs, size 0
  0x0024 N_F1S: local abs, size 0
  0x0024 N_F1S: local abs, size 0
  0x0026 N_G1_: local abs, size 0
  0x0026 N_G1_: local abs, size 0
  0x0028 N_G1S: local abs, size 0
  0x0028 N_G1S: local abs, size 0
  0x002a N_A1_: local abs, size 0
  0x002a N_A1_: local abs, size 0
  0x002c N_A1S: local abs, size 0
  0x002c N_A1S: local abs, size 0
  0x002e N_B1_: local abs, size 0
  0x002e N_B1_: local abs, size 0
  0x0030 N_C2_: local abs, size 0
  0x0030 N_C2_: local abs, size 0
  0x0032 N_C2S: local abs, size 0
  0x0032 N_C2S: local abs, size 0
  0x0034 N_D2_: local abs, size 0
  0x0034 N_D2_: local abs, size 0
  0x0036 N_D2S: local abs, size 0
  0x0036 N_D2S: local abs, size 0
  0x0038 N_E2_: local abs, size 0
  0x0038 N_E2_: local abs, size 0
  0x003a N_F2_: local abs, size 0
  0x003a N_F2_: local abs, size 0
  0x003c N_F2S: local abs, size 0
  0x003c N_F2S: local abs, size 0
  0x003e N_G2_: local abs, size 0
  0x003e N_G2_: local abs, size 0
  0x0040 N_G2S: local abs, size 0
  0x0040 N_G2S: local abs, size 0
  0x0042 N_A2_: local abs, size 0
  0x0042 N_A2_: local abs, size 0
  0x0044 N_A2S: local abs, size 0
  0x0044 N_A2S: local abs, size 0
  0x0046 N_B2_: local abs, size 0
  0x0046 N_B2_: local abs, size 0
  0x0048 N_C3_: local abs, size 0
  0x0048 N_C3_: local abs, size 0
  0x004a N_C3S: local abs, size 0
  0x004a N_C3S: local abs, size 0
  0x004c N_D3_: local abs, size 0
  0x004c N_D3_: local abs, size 0
  0x004e N_D3S: local abs, size 0
  0x004e N_D3S: local abs, size 0
  0x0050 N_E3_: local abs, size 0
  0x0050 N_E3_: local abs, size 0
  0x0052 N_F3_: local abs, size 0
  0x0052 N_F3_: local abs, size 0
  0x0054 N_F3S: local abs, size 0
  0x0054 N_F3S: local abs, size 0
  0x0056 N_G3_: local abs, size 0
  0x0056 N_G3_: local abs, size 0
  0x0058 N_G3S: local abs, size 0
  0x0058 N_G3S: local abs, size 0
  0x005a N_A3_: local abs, size 0
  0x005a N_A3_: local abs, size 0
  0x005c N_A3S: local abs, size 0
  0x005c N_A3S: local abs, size 0
  0x005e N_B3_: local abs, size 0
  0x005e N_B3_: local abs, size 0
  0x0060 N_C4_: local abs, size 0
  0x0060 N_C4_: local abs, size 0
  0x0062 N_C4S: local abs, size 0
  0x0062 N_C4S: local abs, size 0
  0x0064 N_D4_: local abs, size 0
  0x0064 N_D4_: local abs, size 0
  0x0066 N_D4S: local abs, size 0
  0x0066 N_D4S: local abs, size 0
  0x0068 N_E4_: local abs, size 0
  0x0068 N_E4_: local abs, size 0
  0x006a N_F4_: local abs, size 0
  0x006a N_F4_: local abs, size 0
  0x006c N_F4S: local abs, size 0
  0x006c N_F4S: local abs, size 0
  0x006e N_G4_: local abs, size 0
  0x006e N_G4_: local abs, size 0
  0x0070 N_G4S: local abs, size 0
  0x0070 N_G4S: local abs, size 0
  0x0072 N_A4_: local abs, size 0
  0x0072 N_A4_: local abs, size 0
  0x0074 N_A4S: local abs, size 0
  0x0074 N_A4S: local abs, size 0
  0x0076 N_B4_: local abs, size 0
  0x0076 N_B4_: local abs, size 0
  0x0078 N_C5_: local abs, size 0
  0x0078 N_C5_: local abs, size 0
  0x007a N_C5S: local abs, size 0
  0x007a N_C5S: local abs, size 0
  0x007c N_D5_: local abs, size 0
  0x007c N_D5_: local abs, size 0
  0x007e N_D5S: local abs, size 0
  0x007e N_D5S: local abs, size 0
  0x0080 N_E5_: local abs, size 0
  0x0080 CIA_CMD_CLEAR_EVENT_LIST: local abs, size 0
  0x0080 N_E5_: local abs, size 0
  0x0080 CIA_CMD_CLEAR_EVENT_LIST: local abs, size 0
  0x0082 N_F5_: local abs, size 0
  0x0082 N_F5_: local abs, size 0
  0x0084 N_F5S: local abs, size 0
  0x0084 N_F5S: local abs, size 0
  0x0086 N_G5_: local abs, size 0
  0x0086 N_G5_: local abs, size 0
  0x0088 N_G5S: local abs, size 0
  0x0088 N_G5S: local abs, size 0
  0x008a N_A5_: local abs, size 0
  0x008a N_A5_: local abs, size 0
  0x008c N_A5S: local abs, size 0
  0x008c N_A5S: local abs, size 0
  0x008e N_B5_: local abs, size 0
  0x008e N_B5_: local abs, size 0
  0x0090 N_C6_: local abs, size 0
  0x0090 N_C6_: local abs, size 0
  0x0091 ASCII_CURSOR_UP: local abs, size 0
  0x0091 ASCII_CURSOR_UP: local abs, size 0
  0x0092 N_C6S: local abs, size 0
  0x0092 N_C6S: local abs, size 0
  0x0094 N_D6_: local abs, size 0
  0x0094 N_D6_: local abs, size 0
  0x0096 N_D6S: local abs, size 0
  0x0096 N_D6S: local abs, size 0
  0x0098 N_E6_: local abs, size 0
  0x0098 N_E6_: local abs, size 0
  0x009a N_F6_: local abs, size 0
  0x009a N_F6_: local abs, size 0
  0x009c N_F6S: local abs, size 0
  0x009c N_F6S: local abs, size 0
  0x009d ASCII_CURSOR_LEFT: local abs, size 0
  0x009d ASCII_CURSOR_LEFT: local abs, size 0
  0x009e N_G6_: local abs, size 0
  0x009e N_G6_: local abs, size 0
  0x00a0 N_G6S: local abs, size 0
  0x00a0 N_G6S: local abs, size 0
  0x00a2 N_A6_: local abs, size 0
  0x00a2 N_A6_: local abs, size 0
  0x00a4 N_A6S: local abs, size 0
  0x00a4 N_A6S: local abs, size 0
  0x00a6 N_B6_: local abs, size 0
  0x00a6 N_B6_: local abs, size 0
  0x00a8 N_C7_: local abs, size 0
  0x00a8 N_C7_: local abs, size 0
  0x00aa N_C7S: local abs, size 0
  0x00aa N_C7S: local abs, size 0
  0x00ac N_D7_: local abs, size 0
  0x00ac N_D7_: local abs, size 0
  0x00ae N_D7S: local abs, size 0
  0x00ae N_D7S: local abs, size 0
  0x00b0 N_E7_: local abs, size 0
  0x00b0 N_E7_: local abs, size 0
  0x00b2 N_F7_: local abs, size 0
  0x00b2 N_F7_: local abs, size 0
  0x00b4 N_F7S: local abs, size 0
  0x00b4 N_F7S: local abs, size 0
  0x00b6 N_G7_: local abs, size 0
  0x00b6 N_G7_: local abs, size 0
  0x00b8 N_G7S: local abs, size 0
  0x00b8 N_G7S: local abs, size 0
  0x00ba N_A7_: local abs, size 0
  0x00ba N_A7_: local abs, size 0
  0x00bc N_A7S: local abs, size 0
  0x00bc N_A7S: local abs, size 0
  0x00c0 BLIT_CMD_DECREASE_CURSOR_POS: local abs, size 0
  0x00c0 BLIT_CMD_DECREASE_CURSOR_POS: local abs, size 0
  0x00c1 BLIT_CMD_INCREASE_CURSOR_POS: local abs, size 0
  0x00c1 BLIT_CMD_INCREASE_CURSOR_POS: local abs, size 0
  0x00e0 BLIT_CMD_ACTIVATE_CURSOR: local abs, size 0
  0x00e0 BLIT_CMD_ACTIVATE_CURSOR: local abs, size 0
  0x00e1 BLIT_CMD_DEACTIVATE_CURSOR: local abs, size 0
  0x00e1 BLIT_CMD_DEACTIVATE_CURSOR: local abs, size 0
  0x00e2 BLIT_CMD_PROCESS_CURSOR_STATE: local abs, size 0
  0x00e2 BLIT_CMD_PROCESS_CURSOR_STATE: local abs, size 0
  0x0100 VECTOR_ILLOP_INDIRECT: local abs, size 0
  0x0100 VECTOR_ILLOP_INDIRECT: local abs, size 0
  0x0102 VECTOR_SWI3_INDIRECT: local abs, size 0
  0x0102 VECTOR_SWI3_INDIRECT: local abs, size 0
  0x0104 VECTOR_SWI2_INDIRECT: local abs, size 0
  0x0104 VECTOR_SWI2_INDIRECT: local abs, size 0
  0x0106 VECTOR_FIRQ_INDIRECT: local abs, size 0
  0x0106 VECTOR_FIRQ_INDIRECT: local abs, size 0
  0x0108 VECTOR_IRQ_INDIRECT: local abs, size 0
  0x0108 VECTOR_IRQ_INDIRECT: local abs, size 0
  0x010a VECTOR_SWI_INDIRECT: local abs, size 0
  0x010a VECTOR_SWI_INDIRECT: local abs, size 0
  0x010c VECTOR_NMI_INDIRECT: local abs, size 0
  0x010c VECTOR_NMI_INDIRECT: local abs, size 0
  0x010e VECTOR_VICV_INDIRECT: local abs, size 0
  0x010e VECTOR_VICV_INDIRECT: local abs, size 0
  0x0110 TIMER0_VECTOR_INDIRECT: local abs, size 0
  0x0110 TIMER0_VECTOR_INDIRECT: local abs, size 0
  0x0112 TIMER1_VECTOR_INDIRECT: local abs, size 0
  0x0112 TIMER1_VECTOR_INDIRECT: local abs, size 0
  0x0114 TIMER2_VECTOR_INDIRECT: local abs, size 0
  0x0114 TIMER2_VECTOR_INDIRECT: local abs, size 0
  0x0116 TIMER3_VECTOR_INDIRECT: local abs, size 0
  0x0116 TIMER3_VECTOR_INDIRECT: local abs, size 0
  0x0118 TIMER4_VECTOR_INDIRECT: local abs, size 0
  0x0118 TIMER4_VECTOR_INDIRECT: local abs, size 0
  0x011a TIMER5_VECTOR_INDIRECT: local abs, size 0
  0x011a TIMER5_VECTOR_INDIRECT: local abs, size 0
  0x011c TIMER6_VECTOR_INDIRECT: local abs, size 0
  0x011c TIMER6_VECTOR_INDIRECT: local abs, size 0
  0x011e TIMER7_VECTOR_INDIRECT: local abs, size 0
  0x011e TIMER7_VECTOR_INDIRECT: local abs, size 0
  0x0120 FILE_START_ADDRESS: local abs, size 0
  0x0120 FILE_START_ADDRESS: local abs, size 0
  0x0122 FILE_END_ADDRESS: local abs, size 0
  0x0122 FILE_END_ADDRESS: local abs, size 0
  0x0200 VICV_DISPL_LIST: local abs, size 0
  0x0200 VICV_DISPL_LIST: local abs, size 0
  0x0300 _BSS_START: global reloc, size 0
  0x0300 input_buffer: global reloc, size 0
  0x0380 command_index: local reloc, size 0
  0x0381 temp_address: local reloc, size 0
  0x0383 start_address: local reloc, size 0
  0x0385 end_address: local reloc, size 0
  0x0387 mem_done_flag: local reloc, size 0
  0x0388 reg_pc: local reloc, size 0
  0x038a reg_dp: local reloc, size 0
  0x038b reg_ac: local reloc, size 0
  0x038c reg_br: local reloc, size 0
  0x038d reg_xr: local reloc, size 0
  0x038f reg_yr: local reloc, size 0
  0x0391 reg_us: local reloc, size 0
  0x0393 reg_sp: local reloc, size 0
  0x0395 reg_cc: local reloc, size 0
  0x0396 _BSS_END: global reloc, size 0
  0x0800 BLIT: local abs, size 0
  0x0800 VICV: local abs, size 0
  0x0800 BLIT: local abs, size 0
  0x0800 VICV_SR: local abs, size 0
  0x0800 VICV: local abs, size 0
  0x0800 VICV_SR: local abs, size 0
  0x0802 BLIT_CR: local abs, size 0
  0x0802 BLIT_CR: local abs, size 0
  0x0803 BLIT_NO: local abs, size 0
  0x0803 BLIT_NO: local abs, size 0
  0x0804 BLIT_XPOS: local abs, size 0
  0x0804 BLIT_XPOS: local abs, size 0
  0x0806 BLIT_YPOS: local abs, size 0
  0x0806 BLIT_YPOS: local abs, size 0
  0x0808 BLIT_NO_PEEK: local abs, size 0
  0x0808 BLIT_NO_PEEK: local abs, size 0
  0x0809 BLIT_HBS: local abs, size 0
  0x0809 BLIT_HBS: local abs, size 0
  0x080a BLIT_HBC: local abs, size 0
  0x080a BLIT_HBC: local abs, size 0
  0x080c BLIT_CLC: local abs, size 0
  0x080c BLIT_CLC: local abs, size 0
  0x080e BLIT_PAGE: local abs, size 0
  0x080e BLIT_PAGE: local abs, size 0
  0x0820 BLIT_FLAGS_0: local abs, size 0
  0x0820 BLIT_FLAGS_0: local abs, size 0
  0x0821 BLIT_FLAGS_1: local abs, size 0
  0x0821 BLIT_FLAGS_1: local abs, size 0
  0x0822 BLIT_SIZE_LOG2: local abs, size 0
  0x0822 BLIT_SIZE_LOG2: local abs, size 0
  0x0824 BLIT_FOREGROUND_COLOR: local abs, size 0
  0x0824 BLIT_FOREGROUND_COLOR: local abs, size 0
  0x0826 BLIT_BACKGROUND_COLOR: local abs, size 0
  0x0826 BLIT_BACKGROUND_COLOR: local abs, size 0
  0x0830 BLIT_NO_OF_TILES: local abs, size 0
  0x0830 BLIT_NO_OF_TILES: local abs, size 0
  0x0832 BLIT_CURSOR_POS: local abs, size 0
  0x0832 BLIT_CURSOR_POS: local abs, size 0
  0x0834 BLIT_BLINK_INTERVAL: local abs, size 0
  0x0834 BLIT_BLINK_INTERVAL: local abs, size 0
  0x0835 BLIT_PITCH: local abs, size 0
  0x0835 BLIT_PITCH: local abs, size 0
  0x0836 BLIT_TILE_CHAR: local abs, size 0
  0x0836 BLIT_TILE_CHAR: local abs, size 0
  0x0838 BLIT_TILE_FG_COLOR: local abs, size 0
  0x0838 BLIT_TILE_FG_COLOR: local abs, size 0
  0x083a BLIT_TILE_BG_COLOR: local abs, size 0
  0x083a BLIT_TILE_BG_COLOR: local abs, size 0
  0x0b00 TIMER_SR: local abs, size 0
  0x0b00 TIMER_SR: local abs, size 0
  0x0b00 TIMER: local abs, size 0
  0x0b00 TIMER: local abs, size 0
  0x0b01 TIMER_CR: local abs, size 0
  0x0b01 TIMER_CR: local abs, size 0
  0x0b02 TIMER_BPM: local abs, size 0
  0x0b02 TIMER_BPM: local abs, size 0
  0x0c00 SID0F: local abs, size 0
  0x0c00 SID0: local abs, size 0
  0x0c00 SND: local abs, size 0
  0x0c00 SID0F: local abs, size 0
  0x0c00 SID0: local abs, size 0
  0x0c00 SND: local abs, size 0
  0x0c02 SID0P: local abs, size 0
  0x0c02 SID0P: local abs, size 0
  0x0c04 SID0VC: local abs, size 0
  0x0c04 ANA0: local abs, size 0
  0x0c04 ANA0: local abs, size 0
  0x0c04 SID0VC: local abs, size 0
  0x0c05 SID0AD: local abs, size 0
  0x0c05 SID0AD: local abs, size 0
  0x0c06 ANA0P: local abs, size 0
  0x0c06 ANA0P: local abs, size 0
  0x0c06 SID0SR: local abs, size 0
  0x0c06 SID0SR: local abs, size 0
  0x0c1b SID0V: local abs, size 0
  0x0c1b SID0V: local abs, size 0
  0x0c20 SID1: local abs, size 0
  0x0c20 SID1F: local abs, size 0
  0x0c20 SID1F: local abs, size 0
  0x0c20 SID1: local abs, size 0
  0x0c22 SID1P: local abs, size 0
  0x0c22 SID1P: local abs, size 0
  0x0c24 SID1VC: local abs, size 0
  0x0c24 SID1VC: local abs, size 0
  0x0c25 SID1AD: local abs, size 0
  0x0c25 SID1AD: local abs, size 0
  0x0c26 SID1SR: local abs, size 0
  0x0c26 SID1SR: local abs, size 0
  0x0c3b SID1V: local abs, size 0
  0x0c3b SID1V: local abs, size 0
  0x0c80 SNDM: local abs, size 0
  0x0c80 SNDM0L: local abs, size 0
  0x0c80 SNDM0L: local abs, size 0
  0x0c80 SNDM: local abs, size 0
  0x0c81 SNDM0R: local abs, size 0
  0x0c81 SNDM0R: local abs, size 0
  0x0c82 SNDM1L: local abs, size 0
  0x0c82 SNDM1L: local abs, size 0
  0x0c83 SNDM1R: local abs, size 0
  0x0c83 SNDM1R: local abs, size 0
  0x0d00 CIA_SR: local abs, size 0
  0x0d00 CIA: local abs, size 0
  0x0d00 CIA: local abs, size 0
  0x0d00 CIA_SR: local abs, size 0
  0x0d01 CIA_CR: local abs, size 0
  0x0d01 CIA_CR: local abs, size 0
  0x0d02 CIA_KRD: local abs, size 0
  0x0d02 CIA_KRD: local abs, size 0
  0x0d03 CIA_KRS: local abs, size 0
  0x0d03 CIA_KRS: local abs, size 0
  0x0d04 CIA_AC: local abs, size 0
  0x0d04 CIA_AC: local abs, size 0
  0x0d80 CIA_KSA: local abs, size 0
  0x0d80 CIA_KSA: local abs, size 0

Symbols of VECTORS:
  0x0000 N_C0_: local abs, size 0
  0x0001 BLIT_CMD_SWAP_BUFFERS: local abs, size 0
  0x0001 CIA_GENERATE_EVENTS: local abs, size 0
  0x0002 N_C0S: local abs, size 0
  0x0002 BLIT_CMD_CLEAR_FRAMEBUFFER: local abs, size 0
  0x0004 BLIT_CMD_DRAW_BORDER: local abs, size 0
  0x0004 N_D0_: local abs, size 0
  0x0006 N_D0S: local abs, size 0
  0x0008 N_E0_: local abs, size 0
  0x0008 BLIT_CMD_DRAW_BLIT: local abs, size 0
  0x0008 ASCII_BACKSPACE: local abs, size 0
  0x000a N_F0_: local abs, size 0
  0x000a ASCII_LF: local abs, size 0
  0x000c N_F0S: local abs, size 0
  0x000d ASCII_CR: local abs, size 0
  0x000e N_G0_: local abs, size 0
  0x0010 N_G0S: local abs, size 0
  0x0011 ASCII_CURSOR_DOWN: local abs, size 0
  0x0012 N_A0_: local abs, size 0
  0x0014 N_A0S: local abs, size 0
  0x0016 N_B0_: local abs, size 0
  0x0018 N_C1_: local abs, size 0
  0x001a N_C1S: local abs, size 0
  0x001c N_D1_: local abs, size 0
  0x001d ASCII_CURSOR_RIGHT: local abs, size 0
  0x001e N_D1S: local abs, size 0
  0x0020 N_E1_: local abs, size 0
  0x0022 N_F1_: local abs, size 0
  0x0024 N_F1S: local abs, size 0
  0x0026 N_G1_: local abs, size 0
  0x0028 N_G1S: local abs, size 0
  0x002a N_A1_: local abs, size 0
  0x002c N_A1S: local abs, size 0
  0x002e N_B1_: local abs, size 0
  0x0030 N_C2_: local abs, size 0
  0x0032 N_C2S: local abs, size 0
  0x0034 N_D2_: local abs, size 0
  0x0036 N_D2S: local abs, size 0
  0x0038 N_E2_: local abs, size 0
  0x003a N_F2_: local abs, size 0
  0x003c N_F2S: local abs, size 0
  0x003e N_G2_: local abs, size 0
  0x0040 N_G2S: local abs, size 0
  0x0042 N_A2_: local abs, size 0
  0x0044 N_A2S: local abs, size 0
  0x0046 N_B2_: local abs, size 0
  0x0048 N_C3_: local abs, size 0
  0x004a N_C3S: local abs, size 0
  0x004c N_D3_: local abs, size 0
  0x004e N_D3S: local abs, size 0
  0x0050 N_E3_: local abs, size 0
  0x0052 N_F3_: local abs, size 0
  0x0054 N_F3S: local abs, size 0
  0x0056 N_G3_: local abs, size 0
  0x0058 N_G3S: local abs, size 0
  0x005a N_A3_: local abs, size 0
  0x005c N_A3S: local abs, size 0
  0x005e N_B3_: local abs, size 0
  0x0060 N_C4_: local abs, size 0
  0x0062 N_C4S: local abs, size 0
  0x0064 N_D4_: local abs, size 0
  0x0066 N_D4S: local abs, size 0
  0x0068 N_E4_: local abs, size 0
  0x006a N_F4_: local abs, size 0
  0x006c N_F4S: local abs, size 0
  0x006e N_G4_: local abs, size 0
  0x0070 N_G4S: local abs, size 0
  0x0072 N_A4_: local abs, size 0
  0x0074 N_A4S: local abs, size 0
  0x0076 N_B4_: local abs, size 0
  0x0078 N_C5_: local abs, size 0
  0x007a N_C5S: local abs, size 0
  0x007c N_D5_: local abs, size 0
  0x007e N_D5S: local abs, size 0
  0x0080 CIA_CMD_CLEAR_EVENT_LIST: local abs, size 0
  0x0080 N_E5_: local abs, size 0
  0x0082 N_F5_: local abs, size 0
  0x0084 N_F5S: local abs, size 0
  0x0086 N_G5_: local abs, size 0
  0x0088 N_G5S: local abs, size 0
  0x008a N_A5_: local abs, size 0
  0x008c N_A5S: local abs, size 0
  0x008e N_B5_: local abs, size 0
  0x0090 N_C6_: local abs, size 0
  0x0091 ASCII_CURSOR_UP: local abs, size 0
  0x0092 N_C6S: local abs, size 0
  0x0094 N_D6_: local abs, size 0
  0x0096 N_D6S: local abs, size 0
  0x0098 N_E6_: local abs, size 0
  0x009a N_F6_: local abs, size 0
  0x009c N_F6S: local abs, size 0
  0x009d ASCII_CURSOR_LEFT: local abs, size 0
  0x009e N_G6_: local abs, size 0
  0x00a0 N_G6S: local abs, size 0
  0x00a2 N_A6_: local abs, size 0
  0x00a4 N_A6S: local abs, size 0
  0x00a6 N_B6_: local abs, size 0
  0x00a8 N_C7_: local abs, size 0
  0x00aa N_C7S: local abs, size 0
  0x00ac N_D7_: local abs, size 0
  0x00ae N_D7S: local abs, size 0
  0x00b0 N_E7_: local abs, size 0
  0x00b2 N_F7_: local abs, size 0
  0x00b4 N_F7S: local abs, size 0
  0x00b6 N_G7_: local abs, size 0
  0x00b8 N_G7S: local abs, size 0
  0x00ba N_A7_: local abs, size 0
  0x00bc N_A7S: local abs, size 0
  0x00c0 BLIT_CMD_DECREASE_CURSOR_POS: local abs, size 0
  0x00c1 BLIT_CMD_INCREASE_CURSOR_POS: local abs, size 0
  0x00e0 BLIT_CMD_ACTIVATE_CURSOR: local abs, size 0
  0x00e1 BLIT_CMD_DEACTIVATE_CURSOR: local abs, size 0
  0x00e2 BLIT_CMD_PROCESS_CURSOR_STATE: local abs, size 0
  0x0100 VECTOR_ILLOP_INDIRECT: local abs, size 0
  0x0102 VECTOR_SWI3_INDIRECT: local abs, size 0
  0x0104 VECTOR_SWI2_INDIRECT: local abs, size 0
  0x0106 VECTOR_FIRQ_INDIRECT: local abs, size 0
  0x0108 VECTOR_IRQ_INDIRECT: local abs, size 0
  0x010a VECTOR_SWI_INDIRECT: local abs, size 0
  0x010c VECTOR_NMI_INDIRECT: local abs, size 0
  0x010e VECTOR_VICV_INDIRECT: local abs, size 0
  0x0110 TIMER0_VECTOR_INDIRECT: local abs, size 0
  0x0112 TIMER1_VECTOR_INDIRECT: local abs, size 0
  0x0114 TIMER2_VECTOR_INDIRECT: local abs, size 0
  0x0116 TIMER3_VECTOR_INDIRECT: local abs, size 0
  0x0118 TIMER4_VECTOR_INDIRECT: local abs, size 0
  0x011a TIMER5_VECTOR_INDIRECT: local abs, size 0
  0x011c TIMER6_VECTOR_INDIRECT: local abs, size 0
  0x011e TIMER7_VECTOR_INDIRECT: local abs, size 0
  0x0120 FILE_START_ADDRESS: local abs, size 0
  0x0122 FILE_END_ADDRESS: local abs, size 0
  0x0200 VICV_DISPL_LIST: local abs, size 0
  0x0800 VICV: local abs, size 0
  0x0800 BLIT: local abs, size 0
  0x0800 VICV_SR: local abs, size 0
  0x0802 BLIT_CR: local abs, size 0
  0x0803 BLIT_NO: local abs, size 0
  0x0804 BLIT_XPOS: local abs, size 0
  0x0806 BLIT_YPOS: local abs, size 0
  0x0808 BLIT_NO_PEEK: local abs, size 0
  0x0809 BLIT_HBS: local abs, size 0
  0x080a BLIT_HBC: local abs, size 0
  0x080c BLIT_CLC: local abs, size 0
  0x080e BLIT_PAGE: local abs, size 0
  0x0820 BLIT_FLAGS_0: local abs, size 0
  0x0821 BLIT_FLAGS_1: local abs, size 0
  0x0822 BLIT_SIZE_LOG2: local abs, size 0
  0x0824 BLIT_FOREGROUND_COLOR: local abs, size 0
  0x0826 BLIT_BACKGROUND_COLOR: local abs, size 0
  0x0830 BLIT_NO_OF_TILES: local abs, size 0
  0x0832 BLIT_CURSOR_POS: local abs, size 0
  0x0834 BLIT_BLINK_INTERVAL: local abs, size 0
  0x0835 BLIT_PITCH: local abs, size 0
  0x0836 BLIT_TILE_CHAR: local abs, size 0
  0x0838 BLIT_TILE_FG_COLOR: local abs, size 0
  0x083a BLIT_TILE_BG_COLOR: local abs, size 0
  0x0b00 TIMER: local abs, size 0
  0x0b00 TIMER_SR: local abs, size 0
  0x0b01 TIMER_CR: local abs, size 0
  0x0b02 TIMER_BPM: local abs, size 0
  0x0c00 SID0F: local abs, size 0
  0x0c00 SND: local abs, size 0
  0x0c00 SID0: local abs, size 0
  0x0c02 SID0P: local abs, size 0
  0x0c04 ANA0: local abs, size 0
  0x0c04 SID0VC: local abs, size 0
  0x0c05 SID0AD: local abs, size 0
  0x0c06 ANA0P: local abs, size 0
  0x0c06 SID0SR: local abs, size 0
  0x0c1b SID0V: local abs, size 0
  0x0c20 SID1: local abs, size 0
  0x0c20 SID1F: local abs, size 0
  0x0c22 SID1P: local abs, size 0
  0x0c24 SID1VC: local abs, size 0
  0x0c25 SID1AD: local abs, size 0
  0x0c26 SID1SR: local abs, size 0
  0x0c3b SID1V: local abs, size 0
  0x0c80 SNDM: local abs, size 0
  0x0c80 SNDM0L: local abs, size 0
  0x0c81 SNDM0R: local abs, size 0
  0x0c82 SNDM1L: local abs, size 0
  0x0c83 SNDM1R: local abs, size 0
  0x0d00 CIA: local abs, size 0
  0x0d00 CIA_SR: local abs, size 0
  0x0d01 CIA_CR: local abs, size 0
  0x0d02 CIA_KRD: local abs, size 0
  0x0d03 CIA_KRS: local abs, size 0
  0x0d04 CIA_AC: local abs, size 0
  0x0d80 CIA_KSA: local abs, size 0

Linker symbols:
  0xe000 _ROM_START: global abs, size 0
  0x0300 _RAM_START: global abs, size 0
